python.exe : 
At line:4 char:1
+ & "..\.venv\Scripts\python.exe" -u -m maxbound examples\configs\mnist ...
+ ~~~~~~~~~~~~~~~~~~~~~~~~~~~~~~~~~~~~~~~~~~~~~~~~~~~~~~~~~~~~~~~~~~~~~
    + CategoryInfo          : NotSpecified: (:String) [], RemoteException
    + FullyQualifiedErrorId : NativeCommandError
 
Loading weights:   0%|          | 0/6 [00:00<?, ?it/s]
Loading weights: 100%|██████████| 6/6 [00:00<00:00, 6004.73it/s]
eps=0.0 image 1/50: bound 1.59e-05 (found 1.15e-09)
eps=0.0 image 2/50: bound 1.95e-05 (found 1.31e-08)
eps=0.0 image 3/50: bound 5.45e-05 (found 1.24e-06)
eps=0.0 image 4/50: bound 1.43e-05 (found 1.54e-10)
eps=0.0 image 5/50: bound 2.9e-05 (found 4.77e-07)
eps=0.0 image 6/50: bound 2.07e-05 (found 3.09e-08)
eps=0.0 image 7/50: bound 5.4e-05 (found 1.26e-06)
eps=0.0 image 8/50: bound 1.64e-05 (found 1.19e-07)
eps=0.0 image 9/50: bound 0.00491 (found 0.000268)
eps=0.0 image 10/50: bound 0.000374 (found 9.48e-06)
eps=0.0 image 11/50: bound 1.47e-05 (found 6.22e-09)
eps=0.0 image 12/50: bound 5.45e-05 (found 1.84e-07)
eps=0.0 image 13/50: bound 6.66e-05 (found 1.19e-06)
eps=0.0 image 14/50: bound 1.47e-05 (found 2.22e-09)
eps=0.0 image 15/50: bound 1.65e-05 (found 2.44e-09)
eps=0.0 image 16/50: bound 7.28e-05 (found 1.38e-06)
eps=0.0 image 17/50: bound 1.72e-05 (found 1.19e-07)
eps=0.0 image 18/50: bound 1.7e-05 (found 9.09e-09)
eps=0.0 image 19/50: bound 0.000498 (found 1.11e-05)
eps=0.0 image 20/50: bound 1.31e-05 (found 2.55e-09)
eps=0.0 image 21/50: bound 4.09e-05 (found 1.07e-06)
eps=0.0 image 22/50: bound 4.4e-05 (found 1.07e-06)
eps=0.0 image 23/50: bound 1.51e-05 (found 7.73e-08)
eps=0.0 image 24/50: bound 1.38e-05 (found 1.22e-09)
eps=0.0 image 25/50: bound 3.69e-05 (found 7.15e-07)
eps=0.0 image 26/50: bound 2.03e-05 (found 1.48e-13)
eps=0.0 image 27/50: bound 5.9e-05 (found 4.03e-07)
eps=0.0 image 28/50: bound 1.41e-05 (found 2.68e-09)
eps=0.0 image 29/50: bound 1.68e-05 (found 5.29e-10)
eps=0.0 image 30/50: bound 1.84e-05 (found 2.38e-07)
eps=0.0 image 31/50: bound 1.58e-05 (found 1.66e-09)
eps=0.0 image 32/50: bound 5.78e-05 (found 2.26e-06)
eps=0.0 image 33/50: bound 1.48e-05 (found 1.98e-09)
eps=0.0 image 34/50: bound 0.122 (found 0.00394)
eps=0.0 image 35/50: bound 1.8e-05 (found 3.02e-08)
eps=0.0 image 36/50: bound 4.66e-05 (found 2.38e-06)
eps=0.0 image 37/50: bound 9.28e-05 (found 7.44e-07)
eps=0.0 image 38/50: bound 1.73e-05 (found 4.11e-08)
eps=0.0 image 39/50: bound 0.022 (found 0.00148)
eps=0.0 image 40/50: bound 1.82e-05 (found 1.19e-07)
eps=0.0 image 41/50: bound 4.65e-05 (found 2.38e-07)
eps=0.0 image 42/50: bound 2.21e-05 (found 7.08e-08)
eps=0.0 image 43/50: bound 9.33e-05 (found 5.89e-08)
eps=0.0 image 44/50: bound 1.49e-05 (found 3.58e-07)
eps=0.0 image 45/50: bound 0.000117 (found 4.29e-06)
eps=0.0 image 46/50: bound 5.33e-05 (found 1.07e-06)
eps=0.0 image 47/50: bound 0.000412 (found 3.81e-06)
eps=0.0 image 48/50: bound 1.59e-05 (found 1.19e-07)
eps=0.0 image 49/50: bound 1.69e-05 (found 7.22e-09)
eps=0.0 image 50/50: bound 1.83e-05 (found 2.28e-08)
eps=0.001 image 1/50: bound 1.59e-05 (found 1.51e-09)
eps=0.001 image 2/50: bound 1.96e-05 (found 1.19e-07)
eps=0.001 image 3/50: bound 6.32e-05 (found 1.55e-06)
eps=0.001 image 4/50: bound 1.43e-05 (found 1.91e-10)
eps=0.001 image 5/50: bound 3.17e-05 (found 5.96e-07)
eps=0.001 image 6/50: bound 2.2e-05 (found 2.38e-07)
eps=0.001 image 7/50: bound 6.29e-05 (found 1.67e-06)
eps=0.001 image 8/50: bound 1.7e-05 (found 2.38e-07)
eps=0.001 image 9/50: bound 0.00576 (found 0.000311)
eps=0.001 image 10/50: bound 0.00045 (found 1.23e-05)
eps=0.001 image 11/50: bound 1.48e-05 (found 7.3e-09)
eps=0.001 image 12/50: bound 6.39e-05 (found 2.74e-07)
eps=0.001 image 13/50: bound 7.76e-05 (found 1.31e-06)
eps=0.001 image 14/50: bound 1.48e-05 (found 2.83e-09)
eps=0.001 image 15/50: bound 1.66e-05 (found 1.19e-07)
eps=0.001 image 16/50: bound 8.57e-05 (found 1.68e-06)
eps=0.001 image 17/50: bound 1.77e-05 (found 2.38e-07)
eps=0.001 image 18/50: bound 1.72e-05 (found 1.19e-07)
eps=0.001 image 19/50: bound 0.000589 (found 1.31e-05)
eps=0.001 image 20/50: bound 1.31e-05 (found 1.19e-07)
eps=0.001 image 21/50: bound 4.55e-05 (found 1.19e-06)
eps=0.001 image 22/50: bound 5.01e-05 (found 1.31e-06)
eps=0.001 image 23/50: bound 1.55e-05 (found 1.19e-07)
eps=0.001 image 24/50: bound 1.38e-05 (found 1.42e-09)
eps=0.001 image 25/50: bound 4.21e-05 (found 9.54e-07)
eps=0.001 image 26/50: bound 2.03e-05 (found 1.8e-13)
eps=0.001 image 27/50: bound 6.58e-05 (found 7.15e-07)
eps=0.001 image 28/50: bound 1.42e-05 (found 1.19e-07)
eps=0.001 image 29/50: bound 1.68e-05 (found 6.13e-10)
eps=0.001 image 30/50: bound 1.93e-05 (found 3.58e-07)
eps=0.001 image 31/50: bound 1.58e-05 (found 2.07e-09)
eps=0.001 image 32/50: bound 6.61e-05 (found 2.74e-06)
eps=0.001 image 33/50: bound 1.48e-05 (found 2.28e-09)
eps=0.001 image 34/50: bound 0.124 (found 0.00444)
eps=0.001 image 35/50: bound 1.84e-05 (found 1.19e-07)
eps=0.001 image 36/50: bound 5.17e-05 (found 2.74e-06)
eps=0.001 image 37/50: bound 0.000112 (found 1.02e-06)
eps=0.001 image 38/50: bound 1.77e-05 (found 2.38e-07)
eps=0.001 image 39/50: bound 0.0262 (found 0.00176)
eps=0.001 image 40/50: bound 1.88e-05 (found 1.19e-07)
eps=0.001 image 41/50: bound 5.22e-05 (found 7.15e-07)
eps=0.001 image 42/50: bound 2.41e-05 (found 1.19e-07)
eps=0.001 image 43/50: bound 0.000111 (found 2.74e-07)
eps=0.001 image 44/50: bound 1.52e-05 (found 3.58e-07)
eps=0.001 image 45/50: bound 0.000133 (found 5.01e-06)
eps=0.001 image 46/50: bound 6.14e-05 (found 1.31e-06)
eps=0.001 image 47/50: bound 0.000487 (found 5.48e-06)
eps=0.001 image 48/50: bound 1.64e-05 (found 1.33e-07)
eps=0.001 image 49/50: bound 1.71e-05 (found 1.19e-07)
eps=0.001 image 50/50: bound 1.91e-05 (found 1.19e-07)
eps=0.003 image 1/50: bound 1.61e-05 (found 1.19e-07)
eps=0.003 image 2/50: bound 1.99e-05 (found 1.19e-07)
eps=0.003 image 3/50: bound 8.85e-05 (found 2.22e-06)
eps=0.003 image 4/50: bound 1.44e-05 (found 3.06e-10)
eps=0.003 image 5/50: bound 4.06e-05 (found 7.15e-07)
eps=0.003 image 6/50: bound 2.54e-05 (found 2.38e-07)
eps=0.003 image 7/50: bound 8.88e-05 (found 2.62e-06)
eps=0.003 image 8/50: bound 1.89e-05 (found 3.58e-07)
eps=0.003 image 9/50: bound 0.00833 (found 0.000422)
eps=0.003 image 10/50: bound 0.000672 (found 1.88e-05)
eps=0.003 image 11/50: bound 1.5e-05 (found 1.19e-07)
eps=0.003 image 12/50: bound 9.33e-05 (found 4.74e-07)
eps=0.003 image 13/50: bound 0.000111 (found 2.15e-06)
eps=0.003 image 14/50: bound 1.49e-05 (found 3.8e-09)
eps=0.003 image 15/50: bound 1.67e-05 (found 1.19e-07)
eps=0.003 image 16/50: bound 0.000124 (found 2.46e-06)
eps=0.003 image 17/50: bound 1.89e-05 (found 2.38e-07)
eps=0.003 image 18/50: bound 1.78e-05 (found 1.19e-07)
eps=0.003 image 19/50: bound 0.000858 (found 1.81e-05)
eps=0.003 image 20/50: bound 1.32e-05 (found 1.19e-07)
eps=0.003 image 21/50: bound 5.91e-05 (found 1.67e-06)
eps=0.003 image 22/50: bound 6.73e-05 (found 1.79e-06)
eps=0.003 image 23/50: bound 1.66e-05 (found 1.22e-07)
eps=0.003 image 24/50: bound 1.39e-05 (found 1.19e-07)
eps=0.003 image 25/50: bound 5.78e-05 (found 1.07e-06)
eps=0.003 image 26/50: bound 2.04e-05 (found 2.65e-13)
eps=0.003 image 27/50: bound 8.49e-05 (found 9.54e-07)
eps=0.003 image 28/50: bound 1.44e-05 (found 1.19e-07)
eps=0.003 image 29/50: bound 1.69e-05 (found 8.95e-10)
eps=0.003 image 30/50: bound 2.18e-05 (found 3.58e-07)
eps=0.003 image 31/50: bound 1.59e-05 (found 1.19e-07)
eps=0.003 image 32/50: bound 9.01e-05 (found 3.7e-06)
eps=0.003 image 33/50: bound 1.49e-05 (found 1.19e-07)
eps=0.003 image 34/50: bound 0.126 (found 0.00524)
eps=0.003 image 35/50: bound 1.97e-05 (found 1.19e-07)
eps=0.003 image 36/50: bound 6.6e-05 (found 3.7e-06)
eps=0.003 image 37/50: bound 0.000168 (found 1.51e-06)
eps=0.003 image 38/50: bound 1.9e-05 (found 2.38e-07)
eps=0.003 image 39/50: bound 0.0381 (found 0.00244)
eps=0.003 image 40/50: bound 2.04e-05 (found 1.19e-07)
eps=0.003 image 41/50: bound 7.08e-05 (found 9.54e-07)
eps=0.003 image 42/50: bound 3.04e-05 (found 2.38e-07)
eps=0.003 image 43/50: bound 0.00016 (found 5.96e-07)
eps=0.003 image 44/50: bound 1.63e-05 (found 3.58e-07)
eps=0.003 image 45/50: bound 0.000187 (found 6.32e-06)
eps=0.003 image 46/50: bound 8.69e-05 (found 1.67e-06)
eps=0.003 image 47/50: bound 0.000712 (found 8.7e-06)
eps=0.003 image 48/50: bound 1.78e-05 (found 2.38e-07)
eps=0.003 image 49/50: bound 1.75e-05 (found 1.19e-07)
eps=0.003 image 50/50: bound 2.11e-05 (found 1.19e-07)
eps=0.01 image 1/50: bound 1.83e-05 (found 1.19e-07)
eps=0.01 image 2/50: bound 2.24e-05 (found 1.19e-07)
eps=0.01 image 3/50: bound 0.000629 (found 8.34e-06)
eps=0.01 image 4/50: bound 1.49e-05 (found 1.19e-09)
eps=0.01 image 5/50: bound 0.000172 (found 2.38e-06)
eps=0.01 image 6/50: bound 7.04e-05 (found 4.77e-07)
eps=0.01 image 7/50: bound 0.000442 (found 8.39e-06)
eps=0.01 image 8/50: bound 4.54e-05 (found 4.77e-07)
eps=0.01 image 9/50: bound 0.0361 (found 0.00122)
eps=0.01 image 10/50: bound 0.0031 (found 6.46e-05)
eps=0.01 image 11/50: bound 1.64e-05 (found 1.19e-07)
eps=0.01 image 12/50: bound 0.000847 (found 2.62e-06)
eps=0.01 image 13/50: bound 0.000744 (found 4.71e-06)
eps=0.01 image 14/50: bound 1.55e-05 (found 1.19e-07)
eps=0.01 image 15/50: bound 1.76e-05 (found 1.19e-07)
eps=0.01 image 16/50: bound 0.000849 (found 1.09e-05)
eps=0.01 image 17/50: bound 3.44e-05 (found 3.58e-07)
eps=0.01 image 18/50: bound 2.49e-05 (found 1.19e-07)
eps=0.01 image 19/50: bound 0.00589 (found 6.34e-05)
eps=0.01 image 20/50: bound 1.41e-05 (found 1.19e-07)
eps=0.01 image 21/50: bound 0.000226 (found 4.09e-06)
eps=0.01 image 22/50: bound 0.000369 (found 6.32e-06)
eps=0.01 image 23/50: bound 3.36e-05 (found 4.77e-07)
eps=0.01 image 24/50: bound 1.48e-05 (found 1.19e-07)
eps=0.01 image 25/50: bound 0.000446 (found 2.86e-06)
eps=0.01 image 26/50: bound 2.06e-05 (found 9.02e-13)
eps=0.01 image 27/50: bound 0.000354 (found 3.22e-06)
eps=0.01 image 28/50: bound 1.68e-05 (found 1.19e-07)
eps=0.01 image 29/50: bound 1.75e-05 (found 1.19e-07)
eps=0.01 image 30/50: bound 6.34e-05 (found 5.96e-07)
eps=0.01 image 31/50: bound 1.66e-05 (found 1.19e-07)
eps=0.01 image 32/50: bound 0.000488 (found 9.42e-06)
eps=0.01 image 33/50: bound 1.57e-05 (found 1.19e-07)
eps=0.01 image 34/50: bound 0.133 (found 0.00698)
eps=0.01 image 35/50: bound 4.36e-05 (found 4.77e-07)
eps=0.01 image 36/50: bound 0.000224 (found 1.06e-05)
eps=0.01 image 37/50: bound 0.00111 (found 5.48e-06)
eps=0.01 image 38/50: bound 3.67e-05 (found 3.58e-07)
eps=0.01 image 39/50: bound 0.126 (found 0.00626)
eps=0.01 image 40/50: bound 4.48e-05 (found 2.38e-07)
eps=0.01 image 41/50: bound 0.000506 (found 1.55e-06)
eps=0.01 image 42/50: bound 0.000187 (found 5.96e-07)
eps=0.01 image 43/50: bound 0.000898 (found 5.53e-06)
eps=0.01 image 44/50: bound 3.17e-05 (found 5.96e-07)
eps=0.01 image 45/50: bound 0.00102 (found 1.6e-05)
eps=0.01 image 46/50: bound 0.000528 (found 5.36e-06)
eps=0.01 image 47/50: bound 0.00469 (found 4.3e-05)
eps=0.01 image 48/50: bound 5.04e-05 (found 9.54e-07)
eps=0.01 image 49/50: bound 2.11e-05 (found 1.19e-07)
eps=0.01 image 50/50: bound 4.84e-05 (found 3.58e-07)
# dacorvo/mnist-mlp, 8-bit per-channel weight quantization

Model `dacorvo/mnist-mlp` @ `7ed1e96d182395fd7380ea8495b9eb2364ce9dc1`, compiler `quantize_weights` {'bits': 8, 'per_channel': True}, 50 test images. Medians over images; eps is in pixel units (pixels in [0, 1]).

| output | eps | violations | same class certified | bound | real part | fp allowance | largest found | real / found | zonotope | interval | zonotope-sep. | interval-sep. | seconds |
|---|---|---|---|---|---|---|---|---|---|---|---|---|---|
| probabilities | 0 | 0/50 | 50/50 | 2.05e-05 | 4.32e-07 | 2e-05 | 1.19e-07 | 3.04 | 4.32e-07 | 4.32e-07 | 4.32e-07 | 4.32e-07 | 0.18 |
| probabilities | 0.001 | 0/50 | 49/50 | 2.11e-05 | 5.57e-07 | 2.05e-05 | 2.56e-07 | 2.40 | 5.57e-07 | 0.000155 | 7.02e-07 | 0.00836 | 0.18 |
| probabilities | 0.003 | 0/50 | 49/50 | 2.36e-05 | 9.81e-07 | 2.23e-05 | 3.58e-07 | 2.55 | 9.81e-07 | 0.0849 | 4.15e-06 | 6.42 | 0.18 |
| probabilities | 0.01 | 0/50 | 49/50 | 6.69e-05 | 1.19e-05 | 5.49e-05 | 5.96e-07 | 10.34 | 1.19e-05 | 0.31 | 0.000167 | 21.4 | 0.20 |
| logits | 0 | 0/50 | 50/50 | 0.229 | 0.0278 | 0.218 | 0.0278 | 1.00 | 0.0278 | 0.0278 | 0.0278 | 0.0278 | 0.16 |
| logits | 0.001 | 0/50 | 49/50 | 0.232 | 0.0295 | 0.219 | 0.0282 | 1.03 | 0.0295 | 0.0773 | 0.0347 | 4.58 | 0.17 |
| logits | 0.003 | 0/50 | 49/50 | 0.239 | 0.0354 | 0.219 | 0.029 | 1.17 | 0.0354 | 0.187 | 0.0924 | 13.7 | 0.17 |
| logits | 0.01 | 0/50 | 49/50 | 0.28 | 0.07 | 0.221 | 0.0324 | 2.12 | 0.07 | 0.642 | 0.879 | 44.2 | 0.19 |

